X 1
R Jacobin~ W @@GI@@rl@@Wl@@gu@@Wm@@gi@@Wn@@ga@@Wt@@ru@@Gs @@N ~ @@WLord@@N~ 1 0 0
R Ardenor~ W @@yS@@bk@@dul@@bl@@yK@@br@@dush@@be@@yr@@N ~ @@WLord@@N~ 0 0 0
R Natasia~ W  @@dDarkAngel @@N  ~ @@WLady@@N~ 5 0 0
R Rand~ W  @@rC@@Wa@@Gr@@g'@@ra@@g'@@Gc@@Wa@@rr@@gn@@N  ~ @@eKinslayer@@N~ 1 0 0
R Karrde~ W  @@GE@@rt@@de@@gr@@Wn@@ga@@dl@@ri@@Gst@@N  ~ @@GS@@ru@@gl@@Wt@@ra@@Gn@@N~ 1 0 0
R Elsdragon~ W@@G   M@@ra@@dr@@Wha@@du@@rl@@Gt   @@N~ @@rS@@Gu@@Wi@@g J@@Wu@@gr@@Wi@@gs@@N~ 1 0 0
R Arsonist~ W @@GF@@ra@@dll@@re@@Gn A@@rn@@dg@@re@@Gl@@N ~ @@WLord@@N~ 6 0 0
R Zenn~ W   @@mH@@Ro@@el@@gy @@dN@@mu@@Rn@@N   ~ @@WLady@@N~ 3 0 0
R Riggs~ W  @@RC@@eu@@gt@@d-@@RT@@eh@@gr@@do@@Ra@@et  ~ @@WLord@@N~ 4 0 0
R Palleon~ W @@d=@@g=@@W=@@d I AM@@W =@@g=@@d= ~ @@WI@@gll@@dma@@gti@@Wc@@N~ 1 0 0
R Petrov~ W@@BLord @@yLight@@dbane@@N~ @@WLord@@N~ 0 0 0
R Krust~ W@@d   Toasted    @@N~ @@WLord@@N~ 1 0 0
R Raszagal~ W@@m  Realm Lord  @@N~ @@WLord@@N~ 0 0 0
R Spiff~ W @@GSp@@cac@@ye C@@cad@@Get @@N ~ @@WLord@@N~ 1 0 0
R Horatio~ W@@GG@@ra@@Wr@@gd@@re@@Gn @@bA@@yv@@Wa@@gt@@ya@@br @@N~ @@WLord@@N~ 1 0 0
R Kenohki~ W  @@dDi@@Wsa@@gp@@Wpe@@dar @@N  ~ @@WLord@@N~ 6 0 0
R Converge~ W@@lC@@Breepin@@lgD@@Beat@@lh @@N~ @@WLord@@N~ 6 0 0
R Mazor~ W  @@dT@@Rr@@eo@@Rl@@dl@@R-@@dK@@Rin@@dg@@N  ~ @@WLord@@N~ 5 0 0
R Tiras~ W@@m  Realm Lord  @@N~ @@WLord@@N~ 0 0 0
R Synzra~ W@@1D@@N@@gia@@lm@@gon@@1d@@N@@mB@@pr@@de@@Wa@@mk@@ge@@dr@@N~ @@WLord@@N~ 3 0 0
R Carbon~ W@@RT@@ee@@ga@@d-@@RB@@ea@@gg@@dg@@Ri@@en @@yGOD@@N~ @@WLord@@N~ 6 0 0
R Sparhawk~ W@@dP@@Ga@@Wn@@gd@@Wi@@Go@@Wn @@WK@@Gn@@Wi@@gg@@Gh@@Wt@@N~ @@WLord@@N~ 1 0 0
R Verian~ W   @@WVe@@gr@@di@@gt@@Was @@N   ~ @@WIm@@gp@@dera@@gt@@Wor@@N~ 6 0 0
R Xosis~ W @@RR@@eo@@dc@@gk@@de@@et @@RS@@da@@gu@@Rc@@ee@@N ~ @@WLord@@N~ 6 0 0
R Poink~ W  @@GH@@ro@@go@@Wd@@ro@@Go @@WM@@dan@@N  ~ @@GS@@ru@@Wp@@ge@@Wr@@gn@@Wa@@gt@@Wu@@gr@@ra@@Gl@@N~ 1 0 0
R Benjamin~ W  @@WT@@dhe @@GH@@ro@@Wo@@gd@@Wl@@ru@@Gm@@N ~ @@GG@@ro@@Wd@@gf@@Wa@@gt@@Wh@@re@@Gr@@N~ 1 0 0
R Shao~ W @@dKi@@Wec@@ghi@@Wmat@@dta @@N ~ @@RK@@ei@@dsaki@@N~ 6 0 0
R Karsh~ W       @@g @@N      ~ @@BS@@lou@@Bl@@rFl@@Ga@@dye@@Wr@@N~ 6 0 0
R Ramerez~ W@@dV@@ge@@Wn@@di @@gV@@di@@Wd@@di V@@Wic@@di@@N~ @@WLord@@N~ 6 0 0
R Dartane~ W @@dD@@gw@@War@@dv@@ge@@dn@@gL@@do@@gr@@Wd @@N ~ @@WLord@@N~ 8 0 0
R Potence~ W  @@GT@@Ro@@ra@@dd @@RL@@ro@@dr@@Gd @@N  ~ @@WMonitor@@N~ 7 0 0
R Rioku~ W@@m  Realm Lord  @@N~ @@WLord@@N~ 1 0 0
R Kronos~ W@@d-@@B=@@dT@@Bh@@le@@dE@@Bt@@le@@dr@@ln@@Ba@@dl@@B=@@d-@@N~ @@WLord@@N~ 6 0 0
R Woody~ W@@RS@@dw@@War@@Wmi@@dn@@Rg @@RD@@de@@Wa@@dt@@Rh@@N~ @@pPixie God@@N~ 0 0 0
R Cheyenne~ W @@eL@@dad@@ey @@dDe@@gn@@Wil@@gi@@dth@@N~ @@WLady@@N~ 0 0 0
R Jebus~ W  @@RU@@bC@@dH@@gI@@GD@@gE@@dS@@bH@@RI @@N  ~ @@WLord@@N~ 7 0 0
R Darmyth~ W@@B.D@@le@@ga@@Wt@@dh Bl@@Wo@@go@@lm@@Bs.@@N~ @@BH@@li@@gt@@Wm@@dan@@N~ 0 0 0
R Kidney~ W  @@yKing @@RT@@GO@@RA@@GD @@N  ~ @@yKing @@RT@@GO@@RA@@GD@@N~ 7 0 0
R Elminster~ W   @@eA@@Rr@@Bc@@lhm@@Ba@@Rg@@ee @@N  ~ @@WLord@@N~ 1 0 0
R Stryfe~ W @@dF@@ga@@Wll@@ge@@dn @@dC@@gh@@Wa@@go@@ds@@N ~ @@RR@@ee@@dve@@gn@@ia@@N@@Wnt@@N~ 6 0 0
R Souljah~ W  @@dE@@gl@@Wv@@ge@@dn @@WK@@gi@@dn@@gg@@N  ~ @@WLord@@N~ 1 0 0
R Bael~ W  @@dN@@goc@@Wtur@@gna@@dl @@N  ~ @@dM@@ga@@Wst@@ge@@dr@@N~ 8 0 0
R Player~ W  @@gH@@de@@Rm@@ep@@gK@@dn@@Ri@@eg@@gh@@dt@@N  ~ @@WLord@@N~ 8 0 0
R Mace~ W@@dD@@gom@@di@@gnu@@ds @@RL@@ee@@dt@@gu@@Rm @@N~ @@WLord@@N~ 6 0 0
R Sidd~ W@@m  Realm Lord  @@N~ @@WLord@@N~ 0 0 0
R Fenrir~ W@@m  Realm Lord  @@N~ @@WLord@@N~ 6 0 0
R Ransom~ W  @@dA@@Wn@@7@@ka@@N@@Rc@@er@@Ri@@7@@ks@@N@@Wi@@ds @@N  ~ @@WLord@@N~ 6 0 0
R Blade~ W@@y<@@dX@@y><@@e(@@dL@@Wos@@dt@@e)@@y><@@dX@@y>@@N~ @@WLord@@N~ 0 0 0
R Nevoire~ W  @@GH@@ri@@gg@@Wh @@GL@@ro@@gr@@Wd @@N  ~ @@WLord@@N~ 6 0 0
R Norritt~ W  @@gMa@@Wel@@d@@gs@@dtro@@gm @@N  ~ @@dA@@Wr@@dise@@gn @@RC@@gu@@dltis@@gt@@N~ 8 0 0
R Tgcid~ W  @@dRe@@Wfl@@gec@@Wti@@don@@N  ~ @@WLord@@N~ 6 0 0
R Feldir~ W      @@gp@@Wa@@dx@@N     ~ @@WLord@@N~ 1 1048430000 0
R Erigol~ W       @@N       ~ @@lPrince@@N~ 0 1049285446 1
R Ogma~ W   @@cMoby Dick@@N  ~ @@N~ 0 1049285499 1
R Q~ W  @@WS@@dn@@Wu@@du @@WS@@dn@@Wu@@du@@W!@@N  ~ @@cP@@aim@@cp @@pM@@maste@@pr@@N~ 0 1049285501 1
R Kaalaboah~ W@@d@@u]@@g[@@N@@yO@@eg@@Rr@@de@@g @@d @@gK@@mh@@da@@mn@@u@@g]@@d[@@N~ @@WLord@@N~ 0 1049873653 0
R Matt~ W@@m  Realm Lord  @@N~ @@WLord@@N~ 1 1050373034 0
R Hinata~ W   @@WB@@gy@@dakugan@@N   ~ @@RH@@Wy@@gu@@duga@@N~ 6 1050644517 0
R Lust~ W@@n              @@n~ @@WLord@@N~ 0 1051064707 1
R Perian~ W  @@dA@@Wlk@@garin@@Wqu@@de@@N  ~ @@WLord@@N~ 1 1051935707 0
R Ila~ W  @@dCe@@gle@@ys@@gti@@dal @@N  ~ @@dL@@ga@@yd@@gy@@N~ 1 1052814782 0
R Maxxx~ W  @@RC@@du@@gR@@Ws@@RE@@dd @@gO@@Wn@@RE@@N  ~ @@dM@@ga@@Rh@@da@@gr@@da@@gj@@Ra@@N~ 6 1052922035 0
R Malak~ W@@RM@@ee@@Rga@@el@@Ro@@ema@@Rnia@@ec@@Ra@@el@@N~ @@WLord@@N~ 1 1054714957 0
R Atreyu~ W   @@cA@@ar@@gchang@@ae@@cl@@N  ~ @@cA@@ar@@gchang@@ae@@cl@@N~ 1 1055050388 0
R Coen~ W@@m  Realm Lord  @@N~ @@WLord@@N~ 5 1057263905 0
R Gurth~ W  @@kG@@dr@@Wot@@de@@ks@@dq@@Wu@@ke @@N  ~ @@WLord@@N~ 1 1058132177 0
R Zyril~ W   @@dV@@Ge@@gl@@Wdruk @@N   ~ @@WLord@@N~ 1 1059871232 0
R Zephiel~ W@@ga@@i@@de@@Wq@@g@@aui@@Wt@@d@@ia@@N@@gs@@N @@moso@@pr @@N~ @@WLord@@N~ 2 1060746631 0
R Zoey~ W @@gL@@Ra@@dd@@gy Pl@@Re@@db@@me@@di@@Ra@@gn@@N~ @@gL@@Ra@@dd@@gy@@N~ 5 1065829934 0
R Horagash~ W  @@m(@@yW@@dh@@Ro@@ereG@@Ra@@ds@@yh@@m)@@N ~ @@WMonitor@@N~ 6 1066368209 0
R Nevyin~ W   @@RT@@Go@@Ra@@Gd @@mL@@di@@mc@@dh@@N  ~ @@RT@@Go@@Ra@@Gd @@mL@@di@@mc@@dh@@N~ 7 1066442096 0
R Ruprect~ W   @@RSi@@ecar@@Rius@@N   ~ @@WLord@@N~ 7 1066466979 0
R Soledad~ W  @@REn@@ei@@mgma@@Rti@@mc @@N  ~ @@WLady@@N~ 1 1069030954 0
R Frenzy~ W  @@dD@@ge@@Wa@@gt@@dh@@RT@@Go@@Ra@@Gd @@N  ~ @@RS@@Ga@@rm@@du@@Rr@@Ga@@ri @@RL@@Go@@Rr@@Gd@@N~ 7 1069807199 0
R Chaley~ W @@WA@@dl @@mE@@pl@@yl@@gi@@ys@@ga@@yn@@pd@@me@@N ~ @@WLady@@N~ 0 1070166308 0
R Vallely~ W   @@REnf@@eor@@Rcer@@N   ~ @@WLord@@N~ 7 1070248394 0
R Gruffie~ W   @@bS@@Rc@@gr@@du@@bf@@Rf@@gi@@de @@N  ~ @@bD@@Ri@@gr@@dt@@by @@RT@@Go@@Ra@@Gd@@N~ 7 1070839328 0
R Elyssa~ W@@m  Realm Lord  @@N~ @@WLady@@N~ 0 1071468816 0
R Drache~ W   @@gA@@do @@gC@@dh@@R'@@dI@@gn@@N   ~ @@gT@@da@@Wt@@ds@@gu@@N~ 8 1071569895 0
R Fred~ W@@m  Realm Lord  @@N~ @@WLord@@N~ 7 1071626345 0
R Galahad~ W@@bGr@@yan@@gd Pal@@yad@@bin @@N~ @@bP@@yat@@gria@@yrc@@bh@@N~ 1 1071634237 0
R Chantal~ W @@dS@@gi@@Wlv@@ge@@dr @@cT@@ae@@da@@gr @@N ~ @@WLady@@N~ 0 1071634268 0
R Solblindi~ W     @@yGOD @@N     ~ @@WLord@@N~ 8 1071734078 0
R Venue~ W@@pL@@do@@Wr@@pd @@do@@Wf @@pS@@dt@@Wr@@di@@Wf@@pe@@N~ @@pT@@do@@Wr@@dm@@We@@dn@@Wt@@do@@pr@@N~ 1 1071793438 0
R Archvile~ W @@dX@@We@@gn@@do@@RG@@ee@@dn@@ye@@W@@is@@N@@gi@@ds @@N ~ @@WLord@@N~ 6 1071864999 0
R Eru~ W@@m  Realm Lord  @@N~ @@WLord@@N~ 6 1071865025 0
R Frug~ W@@m  Realm Lord  @@N~ @@WLord@@N~ 7 1071912424 0
R Yoke~ W  @@dP@@Ge@@gr@@Wmaisuri@@N  ~ @@dP@@Ge@@gr@@Wmaisuri@@N~ 1 1072026445 0
R Todd~ W  @@dIll-Fated @@N  ~ @@WLord@@N~ 1 1072117019 0
R Cari~ W@@m  Realm Lord  @@N~ @@WLady@@N~ 6 1072118906 0
R Mercury~ W@@m  Realm Lord  @@N~ @@WMonitor@@N~ 6 1072118910 0
R Tak~ W    @@g@@RA@@eb@@Ru@@en@@Ra@@ei@@N    ~ @@WLord@@N~ 3 1072422502 0
R Lahn~ W@@m  Realm Lord  @@N~ @@WLord@@N~ 1 1072678465 0
R Net~ W@@m  Realm Lord  @@N~ @@WMonitor@@N~ 6 1073027112 0
R Chula~ W@@m  Realm Lord  @@N~ @@WMonitor@@N~ 6 1073108798 0
R Ryoohki~ W@@m  Realm Lord  @@N~ @@WLady@@N~ 6 1073452791 0
R Mercutio~ W@@m  Realm Lord  @@N~ @@WLord@@N~ 6 1073466072 0
R Alustriel~ W @@aMe@@grve@@lil@@aleu@@Wx @@N ~ @@WLady@@N~ 6 1073466080 0
R Rom~ W@@mFrank@@g'@@wn@@g'@@bBeans @@N~ @@WLord@@N~ 1 1074102640 0
R Abaddon~ W    @@RS@@Gh@@gos@@Gh@@Ro    ~ @@RS@@Gh@@gos@@Gh@@Ro@@N~ 7 1074562962 0
R Serpentor~ W  @@RY@@Go@@Ru@@Gr @@dD@@Ra@@Gd@@Rd@@dy@@N  ~ @@dD@@Ra@@dr@@Rk @@GL@@Ro@@Gr@@Rd@@N~ 7 1074565971 0
R Sinestry~ W@@cC@@aa@@We@@gles@@Wt@@ai@@cs@@rA@@dd@@Ga@@rm@@do@@N~ @@WLady@@N~ 6 1074569326 0
R Satsu~ W@@eK@@Ra@@dton @@eH@@Ro@@dusenka@@N~ @@RT@@bo@@yg@@ea@@bs@@Rhi@@N~ 6 1074716038 0
R Fink~ W  @@bG@@Wo@@ba@@Wt @@RE@@ba@@rt@@be@@Rr@@k@@N  ~ @@bG@@Wo@@ba@@Wt @@RE@@ba@@rt@@be@@Rr@@k@@N~ 7 1074818579 0
R Infuseboy~ W   Lazy ASS   ~ Couch Potato~ 1 1074819973 0
R Jasper~ W@@dMa@@Wrqu@@gis @@md @@RS@@ead@@Re@@N~ @@BPrince @@RP@@eai@@Rn@@N~ 6 1075338632 0
R Gren~ W  @@WBl@@da@@Bde@@Wma@@dst@@Ber@@N ~ @@WLord@@N~ 1 1075623709 0
R Daenyth~ W@@m  Realm Lord  @@N~ @@WLord@@N~ 6 1075697763 0
R Skip~ W  @@dU@@abe@@dr G@@anom@@de@@N  ~ @@aSkipper@@N~ 1 1075786621 0
R Visceral~ W@@m  Realm Lord  @@N~ @@WLord@@N~ 1 1075792415 0
R Snuffy~ W@@y_/@@d*@@GS@@d-@@GStr@@dee@@G@@Gt@@d*@@y\_@@N~ @@WLord@@N~ 6 1075919306 0
R Kessler~ W  @@mDrunken @@yE@@ml@@yf@@N ~ @@WLord@@N~ 7 1076147782 0
R Telchar~ W@@m  Realm Lord  @@N~ @@WLord@@N~ 3 1076245841 0
R Balzitch~ W     @@dK@@Ra@@Gg@@de@@N     ~ @@RB@@du@@bb@@Gb@@ba@@N~ 7 1076348341 0
R Var~ W  @@lS@@ct@@yo@@cr@@lm @@GL@@Ro@@Gr@@dd@@N  ~ @@WLord@@N~ 7 1076431161 0
R Goldtoad~ W  @@yShiny @@RT@@GO@@RA@@GD@@N  ~ @@GL@@RO@@GR@@RD@@N~ 7 1076616527 0
R Cyrik~ W    @@bRanger@@N    ~ @@WLord@@N~ 1 1077162263 0
R Volcanon~ W@@lAv@@Wia@@gn Over@@Wlo@@lrd@@N~ @@gOver@@Wlo@@lrd@@N~ 1 1078019854 0
R Thorn~ W   @@e@@-@@G-@@r>@@G--@@r<@@G-@@e@@-@@N   ~ @@aU@@dbe@@ar @@aG@@dnom@@ae@@N~ 1 1078604333 0
R Leviticus~ W    @@aS@@cc@@lh@@mi@@pz@@ro @@N   ~ @@WLord@@N~ 8 1078638279 0
R Babaganoosh~ W  @@aU@@dbe@@ar G@@dnom@@ae@@N  ~ @@WJudra@@N~ 1 1078640732 0
R Ness~ W  @@Rd@@da@@ymn@@de@@Rd @@cf@@goo@@cl@@N ~ @@WLord@@N~ 8 1078743991 0
R Einstein~ W@@RAt@@Bom@@Gic @@GGe@@Bni@@Rus @@N~ @@WLord@@N~ 3 1078794403 0
R Mogwai~ W  @@bO@@gl@@bd sK@@Noo@@dL @@N  ~ @@WLord@@N~ 3 1078829300 0
R Kaspar~ W@@RS@@eimp@@yly@@gSt@@yun@@enin@@Rg@@N~ @@WLord@@N~ 1 1078843881 0
R Raiden~ W@@m  Realm Lord  @@N~ @@WLord@@N~ 3 1078879433 0
R Lyssira~ W@@dD@@Re@@em@@Ro@@dn @@dP@@Br@@li@@Bn@@lc@@Be@@ls@@ds@@n@@N~ @@WLady@@N~ 0 1078896236 0
R Ted~ W@@m  Realm Lord  @@N~ @@WLord@@N~ 1 1078955777 0
R Newsted~ W  @@cE@@ac@@dh@@wo@@gb@@wr@@da@@ai@@cn @@N  ~ @@WLord@@N~ 6 1079054757 0
R Zxalinth~ W@@m  Realm Lord  @@N~ @@WLord@@N~ 1 1079415223 0
R Darksol~ W@@m  Realm Lord  @@N~ @@WLord@@N~ 1 1079419578 0
R Valas~ W@@m  Realm Lord  @@N~ @@WLord@@N~ 1 1082474008 0
R Talon~ W  @@GD@@rr@@Wa@@gg@@Wo@@gn@@Wl@@go@@rr@@Gd@@N  ~ @@WLord@@N~ 1 1082494049 0
R Set~ W   @@dDe@@gn@@Wil@@gi@@dth@@N   ~ @@WLord@@N~ 6 1082690673 0
R Zhao~ W@@dE@@Gx @@rV@@gi @@dT@@Ge@@rr@@gm@@di@@Gn@@ri @@N~ @@WLord@@N~ 1 1082775635 0
R Axe~ W @@dShadowmaster@@N ~ @@WLord@@N~ 7 1082865668 0
R Mufasta~ W   @@bG@@do@@wa@@dt@@bs@@GB@@ra@@dn@@Re@@N  ~ @@dS@@wh@@ga@@dd@@wo@@gw @@GL@@ro@@dr@@Rd@@N~ 7 1083086253 0
R Shock~ W@@m  Realm Lord  @@N~ @@WLord@@N~ 1 1083878416 0
R Pippin~ W @@7t@@Br@@ga@@de@@Bt@@gr@@di@@Bs@@gt@@de@@Bz@@7@@ga@@N ~ @@WLord@@N~ 1 1084116519 0
R Cyanide~ W@@m  Realm Lord  @@N~ @@WLord@@N~ 3 1084356803 0
R Martok~ W@@m  Realm Lord  @@N~ @@WLord@@N~ 1 1087363684 0
R Grim~ W    @@RR@@dea@@dpe@@Rr@@N    ~ @@WLord@@N~ 1 1087932705 0
R Asima~ W  @@mRealm Lord@@N  ~ @@WLord@@N~ 8 1093979845 0
R Lothous~ W@@m  Realm Lord  @@N~ @@WLord@@N~ 8 1094198377 0
R Shimano~ W @@dS@@Nh@@ga@@Nd@@go@@dw @@RT@@Go@@Ra@@Gd @@N ~ @@dS@@Nh@@ga@@Nd@@go@@dw @@RT@@Go@@Ra@@Gd@@N~ 7 1094437724 0
R Vigil~ W@@m  Realm Lord  @@N~ @@WMonitor@@N~ 8 1094623184 0
R Yeeshin~ W  @@WN@@ge@@Bc@@WO@@dcc@@Bi@@gs@@do@@Wr@@N  ~ @@gA@@Wn@@dg@@We@@gl@@N~ 1 1094918371 0
R Nightrage~ W   @@YD@@di@@gn@@yg @@YB@@da@@yt@@N   ~ @@WLord@@N~ 8 1098216443 0
R Sion~ W@@m  Realm Lord  @@N~ @@WLord@@N~ 6 1098938874 0
R Falacy~ W   @@RR@@dec@@Rr@@dean@@Rt@@N   ~ @@WMonitor@@N~ 6 1099533386 0
R Saeros~ W@@m  Realm Lord  @@N~ @@WLord@@N~ 6 1099545683 0
R Furyn~ W  @@eD@@Rra@@eg@@Ro@@ens@@BB@@la@@Bne@@N ~ @@WLord@@N~ 6 1099585678 0
R Kiyah~ W@@m  Realm Lord  @@N~ @@dP@@gr@@Wi@@dn@@gc@@We@@ds@@gs@@N~ 6 1100109523 0
R Khurol~ W @@RK@@di@@Wt@@gt@@den @@RK@@di@@Wl@@gl@@der@@n@@N~ @@WLord@@N~ 6 1100146949 0
R Validus~ W @@GV@@re@@dn@@Wa@@gti@@Wo@@G O@@rt@@di@@Wu@@gm@@N~ @@GS@@ri@@dn@@Wg@@gu@@Wl@@ga@@dr@@ri@@Gs@@N~ 1 1100155140 0
R Switchblade~ W@@m  Realm Lord  @@N~ @@WLord@@N~ 1 1106464163 0
R Daffy~ W@@m  Realm Lord  @@N~ @@WMonitor@@N~ 3 1106632506 0
R Zyta~ W@@d-@@g=@@RSo@@eu@@dl @@RTa@@ek@@de@@Rr@@g=@@d-@@N~ @@WLady@@N~ 1 1111310766 0
R Vaihl~ W @@eM@@Ro@@drbi@@Wd @@eD@@Rr@@dea@@Wm@@N ~ @@WMonitor@@N~ 1 1111790651 0
R Eranwolf~ W@@m  Realm Lord  @@N~ @@WLord@@N~ 1 1111794418 0
R Sherry~ W@@m  Realm Lord  @@N~ @@WLady@@N~ 1 1115054278 0
R Dent~ W@@m  Realm Lord  @@N~ @@WLord@@N~ 1 1120013285 0
R Fictional~ W@@m  Realm Lord  @@N~ @@WLord@@N~ 1 1122392472 0
R Khellendros~ W@@m  Realm Lord  @@N~ @@WLord@@N~ 1 1125979482 0
R Malystryx~ W@@m  Realm Lord  @@N~ @@WLady@@N~ 1 1125979512 0
R Beryl~ W@@m  Realm Lord  @@N~ @@WLady@@N~ 1 1125979530 0
R Onysablet~ W@@m  Realm Lord  @@N~ @@WLady@@N~ 1 1125979548 0
R Avion~ W@@m  Realm Lord  @@N~ @@WLord@@N~ 1 1127417647 0
R Kiatari~ W@@m  Realm Lord  @@N~ @@WLady@@N~ 1 1127428919 0
R Crimyon~ W@@m  Realm Lord  @@N~ @@WLord@@N~ 1 1127434966 0
R Cayia~ W@@m  Realm Lord  @@N~ @@WLady@@N~ 0 1127515192 0
R Crysania~ W@@m  Realm Lord  @@N~ @@WLady@@N~ 8 1127660462 0
R Apathy~ W@@m  Realm Lord  @@N~ @@WMonitor@@N~ 1 1127870484 0
R Banzai~ W@@m  Realm Lord  @@N~ @@WLord@@N~ 1 1127924122 0
R Baal~ W@@m  Realm Lord  @@N~ @@WLord@@N~ 1 1128088575 0
R Shelly~ W@@m  Realm Lord  @@N~ @@WLady@@N~ 1 1128143339 0
R Skaless~ W@@m  Realm Lord  @@N~ @@WLord@@N~ 1 1128303352 0
R Calenol~ W@@m  Realm Lord  @@N~ @@WLord@@N~ 1 1147795394 0
E
